/home/lyx/桌面/icde2027-moo-data-idea/scripts/certified_window_compiler.py:50: DtypeWarning: Columns (43) have mixed types. Specify dtype option on import or set low_memory=False.
  df = pd.read_csv(csv_path)
  done frac=0.1 K=2
  done frac=0.1 K=3
  done frac=0.1 K=4
  done frac=0.2 K=2
  done frac=0.2 K=3
  done frac=0.2 K=4
  done frac=0.35 K=2
  done frac=0.35 K=3
  done frac=0.35 K=4
  done frac=0.5 K=2
  done frac=0.5 K=3
  done frac=0.5 K=4
  done frac=0.75 K=2
  done frac=0.75 K=3
  done frac=0.75 K=4
  done frac=1.0 K=2
  done frac=1.0 K=3
  done frac=1.0 K=4
 fraction  n_cells  delta  n_cal_mean  gamma_mean   R_cert  R_floor  R_statistical     Lhat  realized     ndcg  valid
     0.10        2   0.05   67.600000    2.424114 0.431887 0.011637       0.420250 0.002932  0.008865 0.550200    1.0
     0.10        2   0.10   67.600000    2.424114 0.367457 0.011637       0.355821 0.002932  0.008865 0.550200    1.0
     0.10        3   0.05   45.066667    2.684129 0.702036 0.129194       0.573189 0.011574  0.008964 0.557443    1.0
     0.10        3   0.10   45.066667    2.684129 0.633607 0.129194       0.504413 0.011574  0.008964 0.557443    1.0
     0.10        4   0.05   33.800000    2.067872 0.750915 0.159240       0.599471 0.008681  0.009119 0.564638    1.0
     0.10        4   0.10   33.800000    2.067872 0.687930 0.159240       0.528690 0.008681  0.009119 0.564638    1.0
     0.20        2   0.05  136.800000    2.500036 0.284408 0.028262       0.256146 0.008165  0.005123 0.556837    1.0
     0.20        2   0.10  136.800000    2.500036 0.247681 0.028262       0.219419 0.008165  0.005123 0.556837    1.0
     0.20        3   0.05   91.200000    2.102150 0.322487 0.008860       0.313627 0.006059  0.005002 0.577345    1.0
     0.20        3   0.10   91.200000    2.102150 0.278728 0.008860       0.269868 0.006059  0.005002 0.577345    1.0
     0.20        4   0.05   68.400000    1.982294 0.349892 0.007640       0.342252 0.004240  0.005032 0.580453    1.0
     0.20        4   0.10   68.400000    1.982294 0.307894 0.007640       0.300254 0.004240  0.005032 0.580453    1.0
     0.35        2   0.05  242.400000    2.496579 0.119183 0.002039       0.117145 0.000580  0.004290 0.491442    1.0
     0.35        2   0.10  242.400000    2.496579 0.100976 0.002039       0.098937 0.000580  0.004290 0.491442    1.0
     0.35        3   0.05  161.600000    2.559327 0.181681 0.002125       0.179557 0.001778  0.004361 0.530141    1.0
     0.35        3   0.10  161.600000    2.559327 0.156006 0.002125       0.153881 0.001778  0.004361 0.530141    1.0
     0.35        4   0.05  121.200000    2.448374 0.211291 0.002125       0.209166 0.001333  0.004360 0.529990    1.0
     0.35        4   0.10  121.200000    2.448374 0.185423 0.002125       0.183299 0.001333  0.004360 0.529990    1.0
     0.50        2   0.05  340.600000    2.386578 0.086031 0.003037       0.082994 0.000796  0.002687 0.434222    1.0
     0.50        2   0.10  340.600000    2.386578 0.073369 0.003037       0.070333 0.000796  0.002687 0.434222    1.0
     0.50        3   0.05  227.066667    3.475860 0.174648 0.010426       0.164222 0.005404  0.005838 0.525818    1.0
     0.50        3   0.10  227.066667    3.475860 0.152562 0.010426       0.142136 0.005404  0.005838 0.525818    1.0
     0.50        4   0.05  170.300000    3.635708 0.205105 0.010445       0.194660 0.004062  0.005838 0.525253    1.0
     0.50        4   0.10  170.300000    3.635708 0.183319 0.010445       0.172875 0.004062  0.005838 0.525253    1.0
     0.75        2   0.05  520.800000    2.396739 0.060075 0.002813       0.057261 0.001000  0.003659 0.422312    1.0
     0.75        2   0.10  520.800000    2.396739 0.051526 0.002813       0.048712 0.001000  0.003659 0.422312    1.0
     0.75        3   0.05  347.200000    3.070720 0.103715 0.005705       0.098010 0.003896  0.005862 0.506284    1.0
     0.75        3   0.10  347.200000    3.070720 0.090357 0.005705       0.084652 0.003896  0.005862 0.506284    1.0
     0.75        4   0.05  260.400000    4.526103 0.160069 0.005701       0.154367 0.002920  0.005862 0.505692    1.0
     0.75        4   0.10  260.400000    4.526103 0.142150 0.005701       0.136449 0.002920  0.005862 0.505692    1.0
     1.00        2   0.05  688.000000    2.416596 0.043504 0.001515       0.041989 0.000393  0.003142 0.445794    1.0
     1.00        2   0.10  688.000000    2.416596 0.037153 0.001515       0.035637 0.000393  0.003142 0.445794    1.0
     1.00        3   0.05  458.666667    2.567042 0.080912 0.007927       0.072985 0.005167  0.008278 0.552310    1.0
     1.00        3   0.10  458.666667    2.567042 0.071254 0.007927       0.063328 0.005167  0.008278 0.552310    1.0
     1.00        4   0.05  344.000000    2.454167 0.100740 0.007804       0.092936 0.003889  0.008279 0.551374    1.0
     1.00        4   0.10  344.000000    2.454167 0.089785 0.007804       0.081981 0.003889  0.008279 0.551374    1.0
{
  "0.2": {
    "tau": 0.2,
    "achieved": true,
    "n_cal_mean": 121.2,
    "K": 4,
    "delta": 0.1,
    "R_cert": 0.18542308106814887,
    "realized": 0.004360010038508922,
    "ndcg": 0.5299898028111939
  },
  "0.1": {
    "tau": 0.1,
    "achieved": true,
    "n_cal_mean": 340.6,
    "K": 2,
    "delta": 0.05,
    "R_cert": 0.08603061932257175,
    "realized": 0.002686573304948366,
    "ndcg": 0.4342216665013866
  },
  "0.05": {
    "tau": 0.05,
    "achieved": true,
    "n_cal_mean": 688.0,
    "K": 2,
    "delta": 0.05,
    "R_cert": 0.04350429958007951,
    "realized": 0.003141620063721038,
    "ndcg": 0.4457936593439345
  },
  "0.01": {
    "tau": 0.01,
    "achieved": false,
    "best_R_cert": 0.03715270655287266,
    "floor": 0.0015154238576384673,
    "K": 2,
    "delta": 0.1,
    "n_cal_mean": 688.0,
    "blocked_by": "sample_size",
    "extrapolated_n_cal": 12137.725166391605,
    "note": "1/sqrt(n) extrapolation from the measured statistical term"
  }
}
